Warning: You are sending unauthenticated requests to the HF Hub. Please set a HF_TOKEN to enable higher rate limits and faster downloads.
Loading EleutherAI/gpt-neo-125m...
Loading weights:   0%|          | 0/160 [00:00<?, ?it/s]Loading weights: 100%|██████████| 160/160 [00:00<00:00, 1798.43it/s]
[transformers] [1mGPTNeoForCausalLM LOAD REPORT[0m from: EleutherAI/gpt-neo-125m
Key                                                   | Status     |  |
------------------------------------------------------+------------+--+-
transformer.h.{0, 2, 4, 6, 8, 10}.attn.attention.bias | UNEXPECTED |  |
transformer.h.{0...11}.attn.attention.masked_bias     | UNEXPECTED |  |

Notes:
- UNEXPECTED:	can be ignored when loading from different task/architecture; not ok if you expect identical arch.
Clean Logit Diff (blue - bird): 10.7318
Corr Logit Diff (blue - bird): -3.2689

Starting Activation Patching (Attn & MLP layers)...
Goal is to see which layer's patch recovers the prediction of ' blue' when run on corrupted input

Layer	Attn Patch	MLP Patch
0	10.7864		3.2908
1	-3.0259		-0.4673
2	-2.6983		-2.3526
3	-2.4728		-2.5161
4	-3.3802		-2.9648
5	-2.3495		-4.0379
6	-1.3402		-1.6514
7	0.2875		-2.6221
8	1.4786		-0.2003
9	-2.4288		1.1445
10	-3.2673		1.6361
11	-1.9452		5.0593
